the requested quiz is not available 
 
the requested quiz is not available 
 
the requested quiz is not available 
 
the requested quiz is not available 
 
the requested quiz is not available 
 
the requested quiz is not available 
 
the requested quiz is not available 
 
the requested quiz is not available 
 
the requested quiz is not available 
 
